Found 4 components
Component for A is 1
Component for B is 1
Component for C is 1
Component for D is 3
Component for E is 3
Component for F is 2
Component for G is 2
Component for H is 4
