Value for one is  1
Value for four is  4
Value for seven is  7
