element loop: []
one-element vector: [ 1, ]
one-element vector, cursor loop => 1
after append: [ 1,  2,  3,  4,  5,  6,  7,  8,  9,  10, ]
after delete: [ 2,  3,  5,  7,  8,  9, ]
delete 10 elements at end: [ 2,  3,  5,  7, ]
after swap: [ 9,  3,  5,  7,  8,  2, ]
after swap same element: [ 9,  3,  5,  7,  8,  2, ]
after replace: [ 100,  3,  5,  7,  8,  600, ]
after resize: [ 1,  1,  1,  1, ]
after resize (2): [ 1,  1,  1,  1,  2,  2, ]
after resize (3): [ 1,  1,  1, ]
after resize (4): []
after insert in empty: [ 1,  1,  1, ]
after insert at end: [ 1,  1,  1,  4,  4, ]
after insert at head: [ 2,  2,  1,  1,  1,  4,  4, ]
