element loop=[ 1, 2, 3, 4,]
list, cursor loop => 1
list, cursor loop => 2
list, cursor loop => 3
list, cursor loop => 4
assigned list, element loop=[ 1, 2, 3, 4,]
after insert in empty=[ 1, 1, 1,]
after insert=[ 1, 1, 1, 2, 2,]
after insert at head=[ 3, 1, 1, 1, 2, 2,]
after insert in middle=[ 3, 4, 4, 1, 1, 1, 2, 2,]
after replace_element=[ 10, 4, 4, 1, 1, 1, 2, 2,]
after delete head=[ 4, 4, 1, 1, 1, 2, 2,]
after delete 2 at head=[ 1, 1, 1, 2, 2,]
after delete at tail=[ 1, 1, 1, 2,]
